// Jest Snapshot v1, https://goo.gl/fbAQLP

exports[`Snapshot Test 1`] = `
Object {
  "Parameters": Object {
    "[HASH REMOVED]": Object {
      "Description": "[HASH REMOVED]",
      "Type": "String",
    },
    "[HASH REMOVED]": Object {
      "Description": "[HASH REMOVED]",
      "Type": "String",
    },
    "[HASH REMOVED]": Object {
      "Description": "[HASH REMOVED]",
      "Type": "String",
    },
    "[HASH REMOVED]": Object {
      "Description": "[HASH REMOVED]",
      "Type": "String",
    },
    "[HASH REMOVED]": Object {
      "Description": "[HASH REMOVED]",
      "Type": "String",
    },
    "[HASH REMOVED]": Object {
      "Description": "[HASH REMOVED]",
      "Type": "String",
    },
  },
  "Resources": Object {
    "LogRetentionaae0aa3c5b4d4f87b02d85b201efdd8aFD4BFC8A": Object {
      "DependsOn": Array [
        "LogRetentionaae0aa3c5b4d4f87b02d85b201efdd8aServiceRoleDefaultPolicyADDA7DEB",
        "LogRetentionaae0aa3c5b4d4f87b02d85b201efdd8aServiceRole9741ECFB",
      ],
      "Properties": Object {
        "Code": Object {
          "S3Bucket": Object {
            "Ref": "[HASH REMOVED]",
          },
          "S3Key": Object {
            "Fn::Join": Array [
              "",
              Array [
                Object {
                  "Fn::Select": Array [
                    0,
                    Object {
                      "Fn::Split": Array [
                        "||",
                        Object {
                          "Ref": "[HASH REMOVED]",
                        },
                      ],
                    },
                  ],
                },
                Object {
                  "Fn::Select": Array [
                    1,
                    Object {
                      "Fn::Split": Array [
                        "||",
                        Object {
                          "Ref": "[HASH REMOVED]",
                        },
                      ],
                    },
                  ],
                },
              ],
            ],
          },
        },
        "Handler": "index.handler",
        "Role": Object {
          "Fn::GetAtt": Array [
            "LogRetentionaae0aa3c5b4d4f87b02d85b201efdd8aServiceRole9741ECFB",
            "Arn",
          ],
        },
        "Runtime": "nodejs10.x",
      },
      "Type": "AWS::Lambda::Function",
    },
    "LogRetentionaae0aa3c5b4d4f87b02d85b201efdd8aServiceRole9741ECFB": Object {
      "Properties": Object {
        "AssumeRolePolicyDocument": Object {
          "Statement": Array [
            Object {
              "Action": "sts:AssumeRole",
              "Effect": "Allow",
              "Principal": Object {
                "Service": "lambda.amazonaws.com",
              },
            },
          ],
          "Version": "2012-10-17",
        },
        "ManagedPolicyArns": Array [
          Object {
            "Fn::Join": Array [
              "",
              Array [
                "arn:",
                Object {
                  "Ref": "AWS::Partition",
                },
                ":iam::aws:policy/service-role/AWSLambdaBasicExecutionRole",
              ],
            ],
          },
        ],
      },
      "Type": "AWS::IAM::Role",
    },
    "LogRetentionaae0aa3c5b4d4f87b02d85b201efdd8aServiceRoleDefaultPolicyADDA7DEB": Object {
      "Properties": Object {
        "PolicyDocument": Object {
          "Statement": Array [
            Object {
              "Action": Array [
                "logs:PutRetentionPolicy",
                "logs:DeleteRetentionPolicy",
              ],
              "Effect": "Allow",
              "Resource": "*",
            },
          ],
          "Version": "2012-10-17",
        },
        "PolicyName": "LogRetentionaae0aa3c5b4d4f87b02d85b201efdd8aServiceRoleDefaultPolicyADDA7DEB",
        "Roles": Array [
          Object {
            "Ref": "LogRetentionaae0aa3c5b4d4f87b02d85b201efdd8aServiceRole9741ECFB",
          },
        ],
      },
      "Type": "AWS::IAM::Policy",
    },
    "mem2cwfunctionEF3DD3B3": Object {
      "DependsOn": Array [
        "mem2cwfunctionServiceRoleDefaultPolicy01A091A5",
        "mem2cwfunctionServiceRole83AF3A48",
      ],
      "Properties": Object {
        "Code": Object {
          "S3Bucket": Object {
            "Ref": "[HASH REMOVED]",
          },
          "S3Key": Object {
            "Fn::Join": Array [
              "",
              Array [
                Object {
                  "Fn::Select": Array [
                    0,
                    Object {
                      "Fn::Split": Array [
                        "||",
                        Object {
                          "Ref": "[HASH REMOVED]",
                        },
                      ],
                    },
                  ],
                },
                Object {
                  "Fn::Select": Array [
                    1,
                    Object {
                      "Fn::Split": Array [
                        "||",
                        Object {
                          "Ref": "[HASH REMOVED]",
                        },
                      ],
                    },
                  ],
                },
              ],
            ],
          },
        },
        "Handler": "mem2cw.handler",
        "Role": Object {
          "Fn::GetAtt": Array [
            "mem2cwfunctionServiceRole83AF3A48",
            "Arn",
          ],
        },
        "Runtime": "nodejs12.x",
        "Timeout": 3,
      },
      "Type": "AWS::Lambda::Function",
    },
    "mem2cwfunctionLogRetentionDA3F39C0": Object {
      "Properties": Object {
        "LogGroupName": Object {
          "Fn::Join": Array [
            "",
            Array [
              "/aws/lambda/",
              Object {
                "Ref": "mem2cwfunctionEF3DD3B3",
              },
            ],
          ],
        },
        "RetentionInDays": 365,
        "ServiceToken": Object {
          "Fn::GetAtt": Array [
            "LogRetentionaae0aa3c5b4d4f87b02d85b201efdd8aFD4BFC8A",
            "Arn",
          ],
        },
      },
      "Type": "Custom::LogRetention",
    },
    "mem2cwfunctionServiceRole83AF3A48": Object {
      "Properties": Object {
        "AssumeRolePolicyDocument": Object {
          "Statement": Array [
            Object {
              "Action": "sts:AssumeRole",
              "Effect": "Allow",
              "Principal": Object {
                "Service": "lambda.amazonaws.com",
              },
            },
          ],
          "Version": "2012-10-17",
        },
        "ManagedPolicyArns": Array [
          Object {
            "Fn::Join": Array [
              "",
              Array [
                "arn:",
                Object {
                  "Ref": "AWS::Partition",
                },
                ":iam::aws:policy/service-role/AWSLambdaBasicExecutionRole",
              ],
            ],
          },
        ],
      },
      "Type": "AWS::IAM::Role",
    },
    "mem2cwfunctionServiceRoleDefaultPolicy01A091A5": Object {
      "Properties": Object {
        "PolicyDocument": Object {
          "Statement": Array [
            Object {
              "Action": "cloudwatch:PutMetricData",
              "Effect": "Allow",
              "Resource": "*",
            },
          ],
          "Version": "2012-10-17",
        },
        "PolicyName": "mem2cwfunctionServiceRoleDefaultPolicy01A091A5",
        "Roles": Array [
          Object {
            "Ref": "mem2cwfunctionServiceRole83AF3A48",
          },
        ],
      },
      "Type": "AWS::IAM::Policy",
    },
  },
}
`;
